// Jest Snapshot v1, https://goo.gl/fbAQLP

exports[`About component matches snapshot DOM node structure 1`] = `
<DocumentFragment>
  <section
    class="my-5"
  >
    <h1>
      Who am I?
    </h1>
    <img
      alt="cover"
      class="my-2"
      src="cover-image.jpg"
      style="width: 100%;"
    />
    <p>
      Lorem ipsum dolor sit amet consectetur adipisicing elit. Ea amet similique voluptates numquam adipisci. Est accusantium, nostrum maxime dolorem nisi similique quod reiciendis quis exercitationem deleniti, consectetur suscipit soluta ex, veritatis voluptates quidem magni cumque quos aperiam! Provident, mollitia dolor maiores numquam iusto soluta tempora id at quos a enim corporis culpa modi. Debitis, facilis!
    </p>
  </section>
</DocumentFragment>
`;
